query {
viewer {

}
user(login: "Gummibeer") {

}
}