sponsorEntity {
__typename
... on User {
login
name
databaseId
}
}